******************************************************************************
                  TI ARM Linker PC v18.12.4                    
******************************************************************************
>> Linked Tue Feb 11 14:58:20 2020

OUTPUT FILE NAME:   <Test1.out>
ENTRY POINT SYMBOL: "_c_int00_noargs"  address: 00001809


MEMORY CONFIGURATION

         name            origin    length      used     unused   attr    fill
----------------------  --------  ---------  --------  --------  ----  --------
  FLASH                 00000000   00040000  00001d34  0003e2cc  R  X
  SRAM                  20000000   00008000  0000021a  00007de6  RW X


SEGMENT ALLOCATION MAP

run origin  load origin   length   init length attrs members
----------  ----------- ---------- ----------- ----- -------
00000000    00000000    00001d38   00001d38    r-x
  00000000    00000000    0000026c   0000026c    r-- .intvecs
  0000026c    0000026c    00001838   00001838    r-x .text
  00001aa4    00001aa4    00000260   00000260    r-- .const
  00001d08    00001d08    00000030   00000030    r-- .cinit
20000000    20000000    0000021d   00000000    rw-
  20000000    20000000    00000200   00000000    rw- .stack
  20000200    20000200    00000015   00000000    rw- .bss
  20000218    20000218    00000005   00000000    rw- .data


SECTION ALLOCATION MAP

 output                                  attributes/
section   page    origin      length       input sections
--------  ----  ----------  ----------   ----------------
.intvecs   0    00000000    0000026c     
                  00000000    0000026c     tm4c123gh6pm_startup_ccs.obj (.intvecs)

.text      0    0000026c    00001838     
                  0000026c    00000c38     main.obj (.text)
                  00000ea4    00000136     rtsv7M4_T_le_v4SPD16_eabi.lib : fd_div_t2.asm.obj (.text)
                  00000fda    00000132     driverlib.lib : gpio.obj (.text:GPIOPadConfigSet)
                  0000110c    00000110                   : sysctl.obj (.text:SysCtlClockGet)
                  0000121c    000000f4                   : sysctl.obj (.text:SysCtlClockSet)
                  00001310    0000009c     rtsv7M4_T_le_v4SPD16_eabi.lib : memcpy_t2.asm.obj (.text)
                  000013ac    00000086                                   : fd_cmp_t2.asm.obj (.text:__aeabi_cdcmple)
                  00001432    0000007a     driverlib.lib : adc.obj (.text:ADCSequenceStepConfigure)
                  000014ac    0000006e     rtsv7M4_T_le_v4SPD16_eabi.lib : fd_tos_t2.asm.obj (.text)
                  0000151a    00000068                                   : copy_decompress_lzss.c.obj (.text:decompress:lzss:__TI_decompress_lzss)
                  00001582    00000050     driverlib.lib : adc.obj (.text:ADCSequenceConfigure)
                  000015d2    00000002     rtsv7M4_T_le_v4SPD16_eabi.lib : div0.asm.obj (.text)
                  000015d4    00000048     driverlib.lib : gpio.obj (.text:GPIOPinConfigure)
                  0000161c    00000046                   : uart.obj (.text:UARTConfigSetExpClk)
                  00001662    00000002     --HOLE-- [fill = 0]
                  00001664    00000044     rtsv7M4_T_le_v4SPD16_eabi.lib : autoinit.c.obj (.text:__TI_auto_init_nobinit_nopinit:__TI_auto_init_nobinit_nopinit)
                  000016a8    00000044                                   : fd_tou_t2.asm.obj (.text)
                  000016ec    00000040                                   : u_divt2.asm.obj (.text)
                  0000172c    00000038     driverlib.lib : sysctl.obj (.text:SysCtlPeripheralPresent)
                  00001764    00000038                   : sysctl.obj (.text:SysCtlPeripheralReady)
                  0000179c    00000038     rtsv7M4_T_le_v4SPD16_eabi.lib : fs_tod_t2.asm.obj (.text)
                  000017d4    00000034     driverlib.lib : sysctl.obj (.text:SysCtlPeripheralEnable)
                  00001808    00000034     rtsv7M4_T_le_v4SPD16_eabi.lib : boot_cortex_m.c.obj (.text:_c_int00_noargs:_c_int00_noargs)
                  0000183c    0000002e     driverlib.lib : adc.obj (.text:ADCIntStatus)
                  0000186a    0000002e     rtsv7M4_T_le_v4SPD16_eabi.lib : i_tofd_t2.asm.obj (.text)
                  00001898    0000002a     driverlib.lib : gpio.obj (.text:GPIODirModeSet)
                  000018c2    00000022                   : pwm.obj (.text:PWMGenConfigure)
                  000018e4    00000020                   : uart.obj (.text:UARTDisable)
                  00001904    0000001e                   : adc.obj (.text:ADCSequenceDataGet)
                  00001922    0000001e                   : pwm.obj (.text:PWMPulseWidthSet)
                  00001940    0000001c     rtsv7M4_T_le_v4SPD16_eabi.lib : copy_zero_init.c.obj (.text:decompress:ZI:__TI_zero_init_nomemset:__TI_zero_init_nomemset)
                  0000195c    00000018     driverlib.lib : adc.obj (.text:ADCProcessorTrigger)
                  00001974    00000018                   : gpio.obj (.text:GPIOPinTypeGPIOOutput)
                  0000198c    00000014                   : sysctl.obj (.text:SysCtlPWMClockSet)
                  000019a0    00000014                   : uart.obj (.text:UARTEnable)
                  000019b4    00000014     rtsv7M4_T_le_v4SPD16_eabi.lib : strlen.c.obj (.text:strlen)
                  000019c8    00000012     driverlib.lib : gpio.obj (.text:GPIOPinTypePWM)
                  000019da    00000012                   : gpio.obj (.text:GPIOPinTypeUART)
                  000019ec    00000012                   : pwm.obj (.text:PWMGenPeriodGet)
                  000019fe    00000012                   : pwm.obj (.text:PWMOutputState)
                  00001a10    00000010                   : pwm.obj (.text:PWMGenPeriodSet)
                  00001a20    00000010     rtsv7M4_T_le_v4SPD16_eabi.lib : tolower.c.obj (.text:tolower)
                  00001a30    0000000e     driverlib.lib : adc.obj (.text:ADCSequenceEnable)
                  00001a3e    0000000e                   : uart.obj (.text:UARTCharsAvail)
                  00001a4c    0000000e     rtsv7M4_T_le_v4SPD16_eabi.lib : copy_decompress_none.c.obj (.text:decompress:none:__TI_decompress_none)
                  00001a5a    0000000c     driverlib.lib : pwm.obj (.text:PWMGenEnable)
                  00001a66    0000000c     tm4c123gh6pm_startup_ccs.obj (.text)
                  00001a72    0000000a     driverlib.lib : adc.obj (.text:ADCIntClear)
                  00001a7c    0000000a                   : uart.obj (.text:UARTCharGet)
                  00001a86    0000000a                   : uart.obj (.text:UARTCharPut)
                  00001a90    00000006                   : gpio.obj (.text:GPIOPinWrite)
                  00001a96    00000006                   : sysctl.obj (.text:SysCtlDelay)
                  00001a9c    00000004     rtsv7M4_T_le_v4SPD16_eabi.lib : pre_init.c.obj (.text:_system_pre_init)
                  00001aa0    00000004                                   : exit.c.obj (.text:abort:abort)

.const     0    00001aa4    00000260     
                  00001aa4    00000101     rtsv7M4_T_le_v4SPD16_eabi.lib : ctype.c.obj (.const:.string:_ctypes_)
                  00001ba5    00000003     --HOLE-- [fill = 0]
                  00001ba8    00000090     driverlib.lib : gpio.obj (.const:g_pui32GPIOBaseAddrs)
                  00001c38    0000006c                   : sysctl.obj (.const:g_pui32Xtals)
                  00001ca4    00000012     main.obj (.const:.string)
                  00001cb6    00000002     --HOLE-- [fill = 0]
                  00001cb8    0000000c     main.obj (.const:g_ui32UARTBase)
                  00001cc4    0000000c     main.obj (.const:g_ui32UARTPeriph)
                  00001cd0    0000000a     main.obj (.const:.string:$P$T0$2)
                  00001cda    0000000a     main.obj (.const:.string:$P$T3$5)
                  00001ce4    0000000a     main.obj (.const:.string:$P$T4$6)
                  00001cee    0000000a     main.obj (.const:.string:$P$T5$7)
                  00001cf8    00000004     main.obj (.const:.string:$P$T1$3)
                  00001cfc    00000004     main.obj (.const:.string:$P$T2$4)
                  00001d00    00000004     main.obj (.const)

.cinit     0    00001d08    00000030     
                  00001d08    0000000c     (__TI_handler_table)
                  00001d14    00000004     --HOLE-- [fill = 0]
                  00001d18    00000008     (.cinit..bss.load) [load image, compression = zero_init]
                  00001d20    00000007     (.cinit..data.load) [load image, compression = lzss]
                  00001d27    00000001     --HOLE-- [fill = 0]
                  00001d28    00000010     (__TI_cinit_table)

.init_array 
*          0    00000000    00000000     UNINITIALIZED

.bss       0    20000200    00000015     UNINITIALIZED
                  20000200    00000010     (.common:ui32ADC0Value)
                  20000210    00000004     (.common:adcval)
                  20000214    00000001     (.common:ui8PinData)

.data      0    20000218    00000005     UNINITIALIZED
                  20000218    00000005     main.obj (.data)

.stack     0    20000000    00000200     UNINITIALIZED
                  20000000    00000004     rtsv7M4_T_le_v4SPD16_eabi.lib : boot_cortex_m.c.obj (.stack)
                  20000004    000001fc     --HOLE--

MODULE SUMMARY

       Module                         code   ro data   rw data
       ------                         ----   -------   -------
    .\
       main.obj                       3128   94        26     
       tm4c123gh6pm_startup_ccs.obj   12     620       0      
    +--+------------------------------+------+---------+---------+
       Total:                         3140   714       26     
                                                              
    C:/ti/TivaWare_C_Series-2.1.4.178/driverlib/ccs/Debug/driverlib.lib
       sysctl.obj                     706    108       0      
       gpio.obj                       486    144       0      
       adc.obj                        326    0         0      
       uart.obj                       156    0         0      
       pwm.obj                        128    0         0      
    +--+------------------------------+------+---------+---------+
       Total:                         1802   252       0      
                                                              
    C:\ti\ccs930\ccs\tools\compiler\ti-cgt-arm_18.12.4.LTS\lib\rtsv7M4_T_le_v4SPD16_eabi.lib
       fd_div_t2.asm.obj              310    0         0      
       ctype.c.obj                    0      257       0      
       memcpy_t2.asm.obj              156    0         0      
       fd_cmp_t2.asm.obj              134    0         0      
       fd_tos_t2.asm.obj              110    0         0      
       copy_decompress_lzss.c.obj     104    0         0      
       autoinit.c.obj                 68     0         0      
       fd_tou_t2.asm.obj              68     0         0      
       u_divt2.asm.obj                64     0         0      
       fs_tod_t2.asm.obj              56     0         0      
       boot_cortex_m.c.obj            52     0         0      
       i_tofd_t2.asm.obj              46     0         0      
       copy_zero_init.c.obj           28     0         0      
       strlen.c.obj                   20     0         0      
       tolower.c.obj                  16     0         0      
       copy_decompress_none.c.obj     14     0         0      
       exit.c.obj                     4      0         0      
       pre_init.c.obj                 4      0         0      
       div0.asm.obj                   2      0         0      
    +--+------------------------------+------+---------+---------+
       Total:                         1256   257       0      
                                                              
       Stack:                         0      0         512    
       Linker Generated:              0      43        0      
    +--+------------------------------+------+---------+---------+
       Grand Total:                   6198   1266      538    


LINKER GENERATED COPY TABLES

__TI_cinit_table @ 00001d28 records: 2, size/record: 8, table size: 16
	.bss: load addr=00001d18, load size=00000008 bytes, run addr=20000200, run size=00000015 bytes, compression=zero_init
	.data: load addr=00001d20, load size=00000007 bytes, run addr=20000218, run size=00000005 bytes, compression=lzss


LINKER GENERATED HANDLER TABLE

__TI_handler_table @ 00001d08 records: 3, size/record: 4, table size: 12
	index: 0, handler: __TI_decompress_lzss
	index: 1, handler: __TI_decompress_none
	index: 2, handler: __TI_zero_init


GLOBAL SYMBOLS: SORTED ALPHABETICALLY BY Name 

address   name                          
-------   ----                          
00001a73  ADCIntClear                   
0000183d  ADCIntStatus                  
0000195d  ADCProcessorTrigger           
00001583  ADCSequenceConfigure          
00001905  ADCSequenceDataGet            
00001a31  ADCSequenceEnable             
00001433  ADCSequenceStepConfigure      
00001aa1  C$$EXIT                       
00001899  GPIODirModeSet                
00000fdb  GPIOPadConfigSet              
000015d5  GPIOPinConfigure              
00001975  GPIOPinTypeGPIOOutput         
000019c9  GPIOPinTypePWM                
000019db  GPIOPinTypeUART               
00001a91  GPIOPinWrite                  
000018c3  PWMGenConfigure               
00001a5b  PWMGenEnable                  
000019ed  PWMGenPeriodGet               
00001a11  PWMGenPeriodSet               
000019ff  PWMOutputState                
00001923  PWMPulseWidthSet              
00001a67  ResetISR                      
0000110d  SysCtlClockGet                
0000121d  SysCtlClockSet                
00001a97  SysCtlDelay                   
0000198d  SysCtlPWMClockSet             
000017d5  SysCtlPeripheralEnable        
0000172d  SysCtlPeripheralPresent       
00001765  SysCtlPeripheralReady         
00001a7d  UARTCharGet                   
00001a87  UARTCharPut                   
00001a3f  UARTCharsAvail                
0000161d  UARTConfigSetExpClk           
000018e5  UARTDisable                   
000019a1  UARTEnable                    
0000026d  UARTStdioConfig               
000003b3  UARTgetc                      
000002f9  UARTgets                      
000006d3  UARTprintf                    
000003d9  UARTvprintf                   
000002b3  UARTwrite                     
00000b75  USART_PutString               
20000200  __STACK_END                   
00000200  __STACK_SIZE                  
20000200  __STACK_TOP                   
00001d28  __TI_CINIT_Base               
00001d38  __TI_CINIT_Limit              
00001d08  __TI_Handler_Table_Base       
00001d14  __TI_Handler_Table_Limit      
00001665  __TI_auto_init_nobinit_nopinit
0000151b  __TI_decompress_lzss          
00001a4d  __TI_decompress_none          
ffffffff  __TI_pprof_out_hndl           
ffffffff  __TI_prof_data_size           
ffffffff  __TI_prof_data_start          
00000000  __TI_static_base__            
00001941  __TI_zero_init_nomemset       
000013ad  __aeabi_cdcmpeq               
000013ad  __aeabi_cdcmple               
000014ad  __aeabi_d2f                   
000016a9  __aeabi_d2uiz                 
00000ea5  __aeabi_ddiv                  
0000179d  __aeabi_f2d                   
0000186b  __aeabi_i2d                   
000015d3  __aeabi_idiv0                 
000015d3  __aeabi_ldiv0                 
00001311  __aeabi_memcpy                
00001311  __aeabi_memcpy4               
00001311  __aeabi_memcpy8               
000016ed  __aeabi_uidiv                 
000016ed  __aeabi_uidivmod              
ffffffff  __binit__                     
ffffffff  __c_args__                    
UNDEFED   __mpu_init                    
20000000  __stack                       
00001809  _c_int00_noargs               
00001aa4  _ctypes_                      
UNDEFED   _system_post_cinit            
00001a9d  _system_pre_init              
00001aa1  abort                         
20000210  adcval                        
00000cd5  baseToDec                     
ffffffff  binit                         
00000c77  calcCheckSum                  
00000969  charSwap                      
0000098d  decToHexa                     
000009fd  delayMs                       
00000000  g_pfnVectors                  
0000091b  getADC0_val                   
00000d55  getTempSensor                 
000006f7  itoa                          
00000e6f  main                          
00001311  memcpy                        
00000893  power                         
00000e47  read_UART5                    
00000833  setPWM_Percent                
00000bf5  setTemp                       
000008c5  setUpADC0                     
00000a17  setUpLED                      
0000079f  setUpPWM                      
00000ab1  setUpUART0                    
00000aeb  setUpUART5                    
00000b21  setUpUART7                    
00000a33  stepBack                      
00000a6d  stepForward                   
000019b5  strlen                        
00001a21  tolower                       
00000825  turnOffPWM                    
00000817  turnOnPWM                     
00000e25  turnPlateOff                  
00000dfd  turnPlateOn                   
20000200  ui32ADC0Value                 
20000214  ui8PinData                    


GLOBAL SYMBOLS: SORTED BY Symbol Address 

address   name                          
-------   ----                          
00000000  __TI_static_base__            
00000000  g_pfnVectors                  
00000200  __STACK_SIZE                  
0000026d  UARTStdioConfig               
000002b3  UARTwrite                     
000002f9  UARTgets                      
000003b3  UARTgetc                      
000003d9  UARTvprintf                   
000006d3  UARTprintf                    
000006f7  itoa                          
0000079f  setUpPWM                      
00000817  turnOnPWM                     
00000825  turnOffPWM                    
00000833  setPWM_Percent                
00000893  power                         
000008c5  setUpADC0                     
0000091b  getADC0_val                   
00000969  charSwap                      
0000098d  decToHexa                     
000009fd  delayMs                       
00000a17  setUpLED                      
00000a33  stepBack                      
00000a6d  stepForward                   
00000ab1  setUpUART0                    
00000aeb  setUpUART5                    
00000b21  setUpUART7                    
00000b75  USART_PutString               
00000bf5  setTemp                       
00000c77  calcCheckSum                  
00000cd5  baseToDec                     
00000d55  getTempSensor                 
00000dfd  turnPlateOn                   
00000e25  turnPlateOff                  
00000e47  read_UART5                    
00000e6f  main                          
00000ea5  __aeabi_ddiv                  
00000fdb  GPIOPadConfigSet              
0000110d  SysCtlClockGet                
0000121d  SysCtlClockSet                
00001311  __aeabi_memcpy                
00001311  __aeabi_memcpy4               
00001311  __aeabi_memcpy8               
00001311  memcpy                        
000013ad  __aeabi_cdcmpeq               
000013ad  __aeabi_cdcmple               
00001433  ADCSequenceStepConfigure      
000014ad  __aeabi_d2f                   
0000151b  __TI_decompress_lzss          
00001583  ADCSequenceConfigure          
000015d3  __aeabi_idiv0                 
000015d3  __aeabi_ldiv0                 
000015d5  GPIOPinConfigure              
0000161d  UARTConfigSetExpClk           
00001665  __TI_auto_init_nobinit_nopinit
000016a9  __aeabi_d2uiz                 
000016ed  __aeabi_uidiv                 
000016ed  __aeabi_uidivmod              
0000172d  SysCtlPeripheralPresent       
00001765  SysCtlPeripheralReady         
0000179d  __aeabi_f2d                   
000017d5  SysCtlPeripheralEnable        
00001809  _c_int00_noargs               
0000183d  ADCIntStatus                  
0000186b  __aeabi_i2d                   
00001899  GPIODirModeSet                
000018c3  PWMGenConfigure               
000018e5  UARTDisable                   
00001905  ADCSequenceDataGet            
00001923  PWMPulseWidthSet              
00001941  __TI_zero_init_nomemset       
0000195d  ADCProcessorTrigger           
00001975  GPIOPinTypeGPIOOutput         
0000198d  SysCtlPWMClockSet             
000019a1  UARTEnable                    
000019b5  strlen                        
000019c9  GPIOPinTypePWM                
000019db  GPIOPinTypeUART               
000019ed  PWMGenPeriodGet               
000019ff  PWMOutputState                
00001a11  PWMGenPeriodSet               
00001a21  tolower                       
00001a31  ADCSequenceEnable             
00001a3f  UARTCharsAvail                
00001a4d  __TI_decompress_none          
00001a5b  PWMGenEnable                  
00001a67  ResetISR                      
00001a73  ADCIntClear                   
00001a7d  UARTCharGet                   
00001a87  UARTCharPut                   
00001a91  GPIOPinWrite                  
00001a97  SysCtlDelay                   
00001a9d  _system_pre_init              
00001aa1  C$$EXIT                       
00001aa1  abort                         
00001aa4  _ctypes_                      
00001d08  __TI_Handler_Table_Base       
00001d14  __TI_Handler_Table_Limit      
00001d28  __TI_CINIT_Base               
00001d38  __TI_CINIT_Limit              
20000000  __stack                       
20000200  __STACK_END                   
20000200  __STACK_TOP                   
20000200  ui32ADC0Value                 
20000210  adcval                        
20000214  ui8PinData                    
ffffffff  __TI_pprof_out_hndl           
ffffffff  __TI_prof_data_size           
ffffffff  __TI_prof_data_start          
ffffffff  __binit__                     
ffffffff  __c_args__                    
ffffffff  binit                         
UNDEFED   __mpu_init                    
UNDEFED   _system_post_cinit            

[113 symbols]
